// Vitest Snapshot v1, https://vitest.dev/guide/snapshot.html

exports[`Input > match snapshot 1`] = `"<input type="text" id="large-input" class="p-2.5 text-sm border-gray-300 bg-gray-50 text-gray-900 focus:border-blue-500 focus:ring-blue-500 dark:border-gray-600 dark:bg-gray-700 dark:text-white dark:placeholder-gray-400 dark:focus:border-blue-500 dark:focus:ring-blue-500 block w-full rounded-lg border disabled:pointer-events-none disabled:opacity-60" value="input value">"`;
