// Vitest Snapshot v1, https://vitest.dev/guide/snapshot.html

exports[`Label > match snapshot 1`] = `"<label class="block mb-2 text-sm font-medium leading-none peer-disabled:cursor-not-allowed peer-disabled:opacity-70 text-gray-900 dark:text-white">label</label>"`;
